cnf/lst/csi-wpb-utl.include.lst
cnf/lst/csi-wpb-utl.exclude.lst
cnf/lst/csi-wpb-utl.include.lst
cnf/lst/.exclude.lst
cnf/lst/.include.lst
cnf/lst/kdm-wpb-utl.include.lst
cnf/lst/sync-projects.lst
cnf/projects.lst
cnf/.vscode/settings.json
dat/nginx/default.conf
dat/nginx/nginx.conf
doc/md/chronos-installation-guide.md
.gitignore
lib/bash/funcs/export-json-section-vars.func.sh
lib/bash/funcs/flush-screen.func.sh
lib/bash/funcs/mac-install-bins.func.sh
lib/bash/funcs/manjaro-install-bins.func.sh
lib/bash/funcs/morph-dir.func.sh
lib/bash/funcs/parse-ini-section-vars.func.sh
lib/bash/funcs/require-var.func.sh
lib/bash/funcs/resolve-dirname.func.sh
lib/bash/funcs/set-vars-on-alpine.func.sh
lib/bash/funcs/set-vars-on-debian.func.sh
lib/bash/funcs/set-vars-on-fedora.func.sh
lib/bash/funcs/set-vars-on-mac.func.sh
lib/bash/funcs/set-vars-on-manjaro.func.sh
lib/bash/funcs/set-vars-on-suse.func.sh
lib/bash/funcs/set-vars-on-ubuntu.func.sh
lib/bash/funcs/suse-install-bins.func.sh
lib/bash/funcs/test-helpers.sh
lib/bash/funcs/ubuntu-install-bins.func.sh
lib/bash/funcs/zip-me.func.sh
lib/make/demand-var.func.mk
lib/make/make-help.func.mk
lib/make/prune-docker-system.func.mk
lib/make/set-default-shell.mk
lib/make/zip-me.func.mk
Makefile
README.md
RELEASE.md
src/bash/run/arch-check-install-docker.func.sh
src/bash/run/broadcast-dir-from-bas.func.sh
src/bash/run/create-gcp-project.func.sh
src/bash/run/debian-check-install-docker.func.sh
src/bash/run/get-and-wirte-password-from-kdbx.func.sh
src/bash/run/get-and-write-password-from-kdbx.func.sh
src/bash/run/get-get-and-wirte-password-from-kdbx.func.sh
src/bash/run/get-val-from-kdbx.func.sh
src/bash/run/hello-world.func.sh
src/bash/run/help-to-history.func.sh
src/bash/run/morph-module.func.sh
src/bash/run/morph-path.func.sh
src/bash/run/morph-project.func.sh
src/bash/run/mysql-dump-from-gcp-to-remote.func.sh
src/bash/run/mysql-dump-from-remote.func.sh
src/bash/run/mysql-dump-from-remote-to-gcp.func.sh
src/bash/run/mysql-dump-from-remote-to-local.func.sh
src/bash/run/open-app-projects-in-tmux.func.sh
src/bash/run/print-usage.func.sh
src/bash/run/pull-all-app-repos.func.sh
src/bash/run/push-all-app-repos.func.sh
src/bash/run/remove-gcp-project.func.sh
src/bash/run/remove-old-gcp-s3-files.func.sh
src/bash/run/replicate-dir-from-bas.func.sh
src/bash/run/replicate-dir-to-bas.func.sh
src/bash/run/replicate-file-from-bas.func.sh
src/bash/run/replicate-file-to-bas.func.sh
src/bash/run/replicate-proj-from-bas.func.sh
src/bash/run/replicate-proj-to-bas.func.sh
src/bash/run/run.sh
src/bash/run/scan-to-list-file.func.sh
src/bash/run/set-captcha-secrets-to-remote.func.sh
src/bash/run/setup-php-adminer-connection.func.sh
src/bash/run/ssh-key-pair-gen.func.sh
src/bash/run/sync-wui-to-local-host.func.sh
src/bash/run/sync-wui-to-remote-host.func.sh
src/bash/run/ubuntu-check-install-docker.func.sh
src/bash/run/update-my-cnf-on-remote.func.sh
src/bash/run/zip-all-projects.func.sh
src/bash/run/zip-me-as-module.func.sh
src/bash/run/zip-oae-proj.func.sh
src/bash/scripts/commit-msg
src/bash/scripts/docker-init-conf-validator.sh
src/bash/scripts/docker-init-tf-runner.sh
src/bash/scripts/docker-init-tpl-gen.sh
src/bash/scripts/git-pull-rebase-all.sh
src/bash/scripts/start-wpp-dev.sh
src/docker/conf-validator/Dockerfile
src/docker/conf-validator/.dockerignore
src/docker/db/Dockerfile
src/docker/db/.env
src/docker/docker-compose-infra.yaml
src/docker/docker-compose-wpp-local-dev-setup.yaml
src/docker/.env
src/docker/.env.lde
src/docker/.env.ldv
src/docker/tf-runner/Dockerfile
src/docker/tf-runner/Dockerfile_old
src/docker/tf-runner/.dockerignore
src/docker/tpl-gen/Dockerfile
src/docker/tpl-gen/.dockerignore
src/docker/wpp/Dockerfile
src/docker/wpp/.env
src/make/build-app-all.func.mk
src/make/docker-wrappers.func.mk
src/make/generate-config-for-step.func.mk
src/make/run-tpl-gen.func.mk
src/make/setup-app-inf.func.mk
src/make/setup-app-local-dev.func.mk
src/make/tf-tasks.func.mk
